// Jest Snapshot v1, https://goo.gl/fbAQLP

exports[`Should call onToggleChanged when changed checked 1`] = `
<div>
  <div
    style={
      Object {
        "marginBottom": "10px",
        "marginTop": "10px",
      }
    }
  >
    <span
      style={
        Object {
          "color": "white",
          "marginRight": 5,
        }
      }
    >
      Show grid
    </span>
    <div
      className="ui fitted toggle checkbox"
      onChange={[Function]}
      onClick={[Function]}
      onMouseDown={[Function]}
      onMouseUp={[Function]}
    >
      <input
        checked={false}
        className="hidden"
        readOnly={true}
        tabIndex={0}
        type="checkbox"
      />
      <label />
    </div>
  </div>
</div>
`;

exports[`Should set props to MeshToggle 1`] = `
<div>
  <div
    style={
      Object {
        "marginBottom": "10px",
        "marginTop": "10px",
      }
    }
  >
    <span
      style={
        Object {
          "color": "white",
          "marginRight": 5,
        }
      }
    >
      Show grid
    </span>
    <div
      className="ui fitted toggle checkbox"
      onChange={[Function]}
      onClick={[Function]}
      onMouseDown={[Function]}
      onMouseUp={[Function]}
    >
      <input
        checked={false}
        className="hidden"
        readOnly={true}
        tabIndex={0}
        type="checkbox"
      />
      <label />
    </div>
  </div>
</div>
`;
