// Jest Snapshot v1, https://goo.gl/fbAQLP

exports[`Should set props to MeshDetail 1`] = `
<table
  className="chakra-table emotion-0"
  inverted={true}
  role="table"
>
  <tbody
    className="emotion-0"
  >
    <tr
      className="emotion-0"
      role="row"
    >
      <td
        className="emotion-0"
        role="gridcell"
      >
        mesh code
      </td>
      <td
        className="emotion-0"
        role="gridcell"
      >
        5339
      </td>
    </tr>
    <tr
      className="emotion-0"
      role="row"
    >
      <td
        className="emotion-0"
        role="gridcell"
      >
        center
      </td>
      <td
        className="emotion-0"
        role="gridcell"
      >
        35.66667
        <br />
        139.5
      </td>
    </tr>
    <tr
      className="emotion-0"
      role="row"
    >
      <td
        className="emotion-0"
        role="gridcell"
      >
        leftTop
      </td>
      <td
        className="emotion-0"
        role="gridcell"
      >
        36
        <br />
        139
      </td>
    </tr>
    <tr
      className="emotion-0"
      role="row"
    >
      <td
        className="emotion-0"
        role="gridcell"
      >
        rightBottom
      </td>
      <td
        className="emotion-0"
        role="gridcell"
      >
        35.33334
        <br />
        140
      </td>
    </tr>
  </tbody>
</table>
`;
